// Jest Snapshot v1, https://goo.gl/fbAQLP

exports[`snapshot 1`] = `
<WithStyles(ForwardRef(Paper))
  style={
    Object {
      "left": "101px",
      "top": "102px",
    }
  }
>
  <WithStyles(ForwardRef(Button))
    className="undefined drag-button"
    disableRipple={true}
    onGotPointerCapture={[Function]}
    onLostPointerCapture={[Function]}
    onPointerDown={[Function]}
  >
    <DragIndicatorIcon />
  </WithStyles(ForwardRef(Button))>
  <Component
    key="1"
  />
  <Component
    key="2"
  />
</WithStyles(ForwardRef(Paper))>
`;
